\BOOKMARK [1][]{section.1}{\376\377\000S\000u\000p\000p\000l\000e\000m\000e\000n\000t\000a\000r\000y\000\040\000R\000e\000s\000u\000l\000t\000s}{}% 1
\BOOKMARK [2][]{subsubsection.1.0.1}{\376\377\000C\000h\000a\000r\000a\000c\000t\000e\000r\000i\000z\000a\000t\000i\000o\000n\000\040\000o\000f\000\040\000t\000h\000e\000\040\000P\000r\000e\000c\000i\000s\000i\000o\000n\000-\000R\000e\000c\000a\000l\000l\000\040\000T\000r\000a\000d\000e\000-\000o\000f\000f\000\040\000u\000s\000i\000n\000g\000\040\000S\000i\000m\000u\000l\000a\000t\000i\000o\000n\000-\000T\000r\000a\000i\000n\000e\000d\000\040\000M\000o\000d\000e\000l\000s}{section.1}% 2
\BOOKMARK [1][]{section.2}{\376\377\000S\000u\000p\000p\000l\000e\000m\000e\000n\000t\000a\000r\000y\000\040\000M\000e\000t\000h\000o\000d\000s}{}% 3
\BOOKMARK [1][]{section.3}{\376\377\000A\000p\000p\000e\000n\000d\000i\000x}{}% 4
\BOOKMARK [2][]{subsection.3.1}{\376\377\000S\000u\000p\000p\000l\000e\000m\000e\000n\000t\000a\000r\000y\000\040\000M\000e\000t\000h\000o\000d\000s\000\040\000f\000o\000r\000\040\000S\000o\000m\000a\000t\000i\000c\000\040\000V\000a\000r\000i\000a\000n\000t\000\040\000A\000n\000a\000l\000y\000s\000i\000s}{section.3}% 5
\BOOKMARK [3][]{subsubsection.3.1.1}{\376\377\000M\000e\000t\000h\000o\000d\000o\000l\000o\000g\000y\000\040\000f\000o\000r\000\040\000L\000o\000s\000s\000\040\000o\000f\000\040\000H\000e\000t\000e\000r\000o\000z\000y\000g\000o\000s\000i\000t\000y\000\040\000\050\000L\000O\000H\000\051\000\040\000D\000e\000t\000e\000c\000t\000i\000o\000n}{subsection.3.1}% 6
\BOOKMARK [3][]{subsubsection.3.1.2}{\376\377\000P\000a\000t\000t\000e\000r\000n\000-\000B\000a\000s\000e\000d\000\040\000F\000i\000l\000t\000e\000r\000i\000n\000g\000\040\000f\000o\000r\000\040\000S\000o\000m\000a\000t\000i\000c\000\040\000V\000a\000r\000i\000a\000n\000t\000\040\000C\000a\000l\000l\000i\000n\000g}{subsection.3.1}% 7
\BOOKMARK [4][]{section*.3}{\376\377\000R\000a\000t\000i\000o\000n\000a\000l\000e\000\040\000f\000o\000r\000\040\000P\000a\000t\000t\000e\000r\000n\000-\000B\000a\000s\000e\000d\000\040\000E\000v\000i\000d\000e\000n\000c\000e\000\040\000S\000e\000l\000e\000c\000t\000i\000o\000n}{subsubsection.3.1.2}% 8
\BOOKMARK [4][]{section*.5}{\376\377\000P\000a\000t\000t\000e\000r\000n\000\040\000A\000r\000t\000i\000f\000a\000c\000t\000\040\000F\000i\000l\000t\000e\000r\000i\000n\000g\000\040\000u\000s\000i\000n\000g\000\040\000a\000\040\000S\000o\000m\000a\000t\000i\000c\000\040\000P\000a\000t\000h\000\040\000R\000a\000t\000i\000o}{subsubsection.3.1.2}% 9
\BOOKMARK [4][]{section*.7}{\376\377\000L\000o\000w\000-\000C\000o\000n\000f\000i\000d\000e\000n\000c\000e\000\040\000V\000a\000r\000i\000a\000n\000t\000\040\000D\000e\000t\000e\000c\000t\000i\000o\000n\000\040\000u\000s\000i\000n\000g\000\040\000V\000l\000o\000w\000\040\000R\000a\000t\000i\000o}{subsubsection.3.1.2}% 10
\BOOKMARK [2][]{subsection.3.2}{\376\377\000P\000u\000r\000i\000t\000y\000-\000A\000w\000a\000r\000e\000\040\000W\000o\000r\000k\000f\000l\000o\000w\000\040\000C\000o\000n\000s\000i\000d\000e\000r\000a\000t\000i\000o\000n\000s}{section.3}% 11
\BOOKMARK [1][]{section.4}{\376\377\000S\000u\000p\000p\000l\000e\000m\000e\000n\000t\000a\000r\000y\000\040\000F\000i\000g\000u\000r\000e\000s}{}% 12
\BOOKMARK [1][]{section.5}{\376\377\000S\000u\000p\000p\000l\000e\000m\000e\000n\000t\000a\000r\000y\000\040\000T\000a\000b\000l\000e\000s}{}% 13
\BOOKMARK [1][]{section.6}{\376\377\000S\000u\000p\000p\000l\000e\000m\000e\000n\000t\000a\000r\000y\000\040\000R\000e\000f\000e\000r\000e\000n\000c\000e\000s}{}% 14
\BOOKMARK [1][]{section.7}{\376\377\000C\000o\000m\000m\000a\000n\000d\000\040\000l\000i\000n\000e\000s}{}% 15
\BOOKMARK [2][]{subsection.7.1}{\376\377\000R\000e\000a\000d\000\040\000A\000l\000i\000g\000n\000m\000e\000n\000t}{section.7}% 16
\BOOKMARK [3][]{subsubsection.7.1.1}{\376\377\000A\000l\000i\000g\000n\000m\000e\000n\000t}{subsection.7.1}% 17
\BOOKMARK [3][]{subsubsection.7.1.2}{\376\377\000D\000o\000w\000n\000s\000a\000m\000p\000l\000i\000n\000g}{subsection.7.1}% 18
\BOOKMARK [2][]{subsection.7.2}{\376\377\000V\000a\000r\000i\000a\000n\000t\000\040\000C\000a\000l\000l\000i\000n\000g}{section.7}% 19
\BOOKMARK [3][]{subsubsection.7.2.1}{\376\377\000C\000l\000a\000i\000r\000S\000-\000T\000O\000\040\000v\0000\000.\0003\000.\0000}{subsection.7.2}% 20
\BOOKMARK [2][]{subsection.7.3}{\376\377\000P\000h\000a\000s\000i\000n\000g}{section.7}% 21
\BOOKMARK [2][]{subsection.7.4}{\376\377\000P\000u\000r\000i\000t\000y\000\040\000E\000s\000t\000i\000m\000a\000t\000i\000o\000n}{section.7}% 22
\BOOKMARK [2][]{subsection.7.5}{\376\377\000B\000e\000n\000c\000h\000m\000a\000r\000k\000i\000n\000g}{section.7}% 23
